  convolution.cpp
  convolution_tester.cpp
  image.cpp
C:\Users\Korisnik.DESKTOP-JVOQTMK\Documents\GitHub\Image-Convolution-in-Cpp\ARproject2\ARproject2\convolution_tester.h(11,10): error C1083: Cannot open include file: 'opencv2/opencv.hpp': No such file or directory
  (compiling source file 'convolution_tester.cpp')
  
C:\Users\Korisnik.DESKTOP-JVOQTMK\Documents\GitHub\Image-Convolution-in-Cpp\ARproject2\ARproject2\image.cpp(59,22): warning C4566: character represented by universal-character-name '\u0107' cannot be represented in the current code page (1252)
C:\Users\Korisnik.DESKTOP-JVOQTMK\Documents\GitHub\Image-Convolution-in-Cpp\ARproject2\ARproject2\image.cpp(67,22): warning C4566: character represented by universal-character-name '\u0107' cannot be represented in the current code page (1252)
C:\Users\Korisnik.DESKTOP-JVOQTMK\Documents\GitHub\Image-Convolution-in-Cpp\ARproject2\ARproject2\image.cpp(72,22): warning C4566: character represented by universal-character-name '\u010D' cannot be represented in the current code page (1252)
C:\Users\Korisnik.DESKTOP-JVOQTMK\Documents\GitHub\Image-Convolution-in-Cpp\ARproject2\ARproject2\image.cpp(101,22): warning C4566: character represented by universal-character-name '\u0107' cannot be represented in the current code page (1252)
C:\Users\Korisnik.DESKTOP-JVOQTMK\Documents\GitHub\Image-Convolution-in-Cpp\ARproject2\ARproject2\image.cpp(109,22): warning C4566: character represented by universal-character-name '\u0107' cannot be represented in the current code page (1252)
C:\Users\Korisnik.DESKTOP-JVOQTMK\Documents\GitHub\Image-Convolution-in-Cpp\ARproject2\ARproject2\image.cpp(114,22): warning C4566: character represented by universal-character-name '\u010D' cannot be represented in the current code page (1252)
C:\Users\Korisnik.DESKTOP-JVOQTMK\Documents\GitHub\Image-Convolution-in-Cpp\ARproject2\ARproject2\image.cpp(189,22): warning C4566: character represented by universal-character-name '\u0107' cannot be represented in the current code page (1252)
C:\Users\Korisnik.DESKTOP-JVOQTMK\Documents\GitHub\Image-Convolution-in-Cpp\ARproject2\ARproject2\image.cpp(189,22): warning C4566: character represented by universal-character-name '\u010D' cannot be represented in the current code page (1252)
  imageFolder.cpp
  kernel.cpp
C:\Users\Korisnik.DESKTOP-JVOQTMK\Documents\GitHub\Image-Convolution-in-Cpp\ARproject2\ARproject2\kernel.cpp(18,9): warning C4305: 'initializing': truncation from 'double' to '_Ty'
C:\Users\Korisnik.DESKTOP-JVOQTMK\Documents\GitHub\Image-Convolution-in-Cpp\ARproject2\ARproject2\kernel.cpp(18,9): warning C4305:         with
C:\Users\Korisnik.DESKTOP-JVOQTMK\Documents\GitHub\Image-Convolution-in-Cpp\ARproject2\ARproject2\kernel.cpp(18,9): warning C4305:         [
C:\Users\Korisnik.DESKTOP-JVOQTMK\Documents\GitHub\Image-Convolution-in-Cpp\ARproject2\ARproject2\kernel.cpp(18,9): warning C4305:             _Ty=float
C:\Users\Korisnik.DESKTOP-JVOQTMK\Documents\GitHub\Image-Convolution-in-Cpp\ARproject2\ARproject2\kernel.cpp(18,9): warning C4305:         ]
C:\Users\Korisnik.DESKTOP-JVOQTMK\Documents\GitHub\Image-Convolution-in-Cpp\ARproject2\ARproject2\kernel.cpp(18,17): warning C4305: 'initializing': truncation from 'double' to '_Ty'
C:\Users\Korisnik.DESKTOP-JVOQTMK\Documents\GitHub\Image-Convolution-in-Cpp\ARproject2\ARproject2\kernel.cpp(18,17): warning C4305:         with
C:\Users\Korisnik.DESKTOP-JVOQTMK\Documents\GitHub\Image-Convolution-in-Cpp\ARproject2\ARproject2\kernel.cpp(18,17): warning C4305:         [
C:\Users\Korisnik.DESKTOP-JVOQTMK\Documents\GitHub\Image-Convolution-in-Cpp\ARproject2\ARproject2\kernel.cpp(18,17): warning C4305:             _Ty=float
C:\Users\Korisnik.DESKTOP-JVOQTMK\Documents\GitHub\Image-Convolution-in-Cpp\ARproject2\ARproject2\kernel.cpp(18,17): warning C4305:         ]
C:\Users\Korisnik.DESKTOP-JVOQTMK\Documents\GitHub\Image-Convolution-in-Cpp\ARproject2\ARproject2\kernel.cpp(18,25): warning C4305: 'initializing': truncation from 'double' to '_Ty'
C:\Users\Korisnik.DESKTOP-JVOQTMK\Documents\GitHub\Image-Convolution-in-Cpp\ARproject2\ARproject2\kernel.cpp(18,25): warning C4305:         with
C:\Users\Korisnik.DESKTOP-JVOQTMK\Documents\GitHub\Image-Convolution-in-Cpp\ARproject2\ARproject2\kernel.cpp(18,25): warning C4305:         [
C:\Users\Korisnik.DESKTOP-JVOQTMK\Documents\GitHub\Image-Convolution-in-Cpp\ARproject2\ARproject2\kernel.cpp(18,25): warning C4305:             _Ty=float
C:\Users\Korisnik.DESKTOP-JVOQTMK\Documents\GitHub\Image-Convolution-in-Cpp\ARproject2\ARproject2\kernel.cpp(18,25): warning C4305:         ]
C:\Users\Korisnik.DESKTOP-JVOQTMK\Documents\GitHub\Image-Convolution-in-Cpp\ARproject2\ARproject2\kernel.cpp(19,9): warning C4305: 'initializing': truncation from 'double' to '_Ty'
C:\Users\Korisnik.DESKTOP-JVOQTMK\Documents\GitHub\Image-Convolution-in-Cpp\ARproject2\ARproject2\kernel.cpp(19,9): warning C4305:         with
C:\Users\Korisnik.DESKTOP-JVOQTMK\Documents\GitHub\Image-Convolution-in-Cpp\ARproject2\ARproject2\kernel.cpp(19,9): warning C4305:         [
C:\Users\Korisnik.DESKTOP-JVOQTMK\Documents\GitHub\Image-Convolution-in-Cpp\ARproject2\ARproject2\kernel.cpp(19,9): warning C4305:             _Ty=float
C:\Users\Korisnik.DESKTOP-JVOQTMK\Documents\GitHub\Image-Convolution-in-Cpp\ARproject2\ARproject2\kernel.cpp(19,9): warning C4305:         ]
C:\Users\Korisnik.DESKTOP-JVOQTMK\Documents\GitHub\Image-Convolution-in-Cpp\ARproject2\ARproject2\kernel.cpp(19,17): warning C4305: 'initializing': truncation from 'double' to '_Ty'
C:\Users\Korisnik.DESKTOP-JVOQTMK\Documents\GitHub\Image-Convolution-in-Cpp\ARproject2\ARproject2\kernel.cpp(19,17): warning C4305:         with
C:\Users\Korisnik.DESKTOP-JVOQTMK\Documents\GitHub\Image-Convolution-in-Cpp\ARproject2\ARproject2\kernel.cpp(19,17): warning C4305:         [
C:\Users\Korisnik.DESKTOP-JVOQTMK\Documents\GitHub\Image-Convolution-in-Cpp\ARproject2\ARproject2\kernel.cpp(19,17): warning C4305:             _Ty=float
C:\Users\Korisnik.DESKTOP-JVOQTMK\Documents\GitHub\Image-Convolution-in-Cpp\ARproject2\ARproject2\kernel.cpp(19,17): warning C4305:         ]
C:\Users\Korisnik.DESKTOP-JVOQTMK\Documents\GitHub\Image-Convolution-in-Cpp\ARproject2\ARproject2\kernel.cpp(19,25): warning C4305: 'initializing': truncation from 'double' to '_Ty'
C:\Users\Korisnik.DESKTOP-JVOQTMK\Documents\GitHub\Image-Convolution-in-Cpp\ARproject2\ARproject2\kernel.cpp(19,25): warning C4305:         with
C:\Users\Korisnik.DESKTOP-JVOQTMK\Documents\GitHub\Image-Convolution-in-Cpp\ARproject2\ARproject2\kernel.cpp(19,25): warning C4305:         [
C:\Users\Korisnik.DESKTOP-JVOQTMK\Documents\GitHub\Image-Convolution-in-Cpp\ARproject2\ARproject2\kernel.cpp(19,25): warning C4305:             _Ty=float
C:\Users\Korisnik.DESKTOP-JVOQTMK\Documents\GitHub\Image-Convolution-in-Cpp\ARproject2\ARproject2\kernel.cpp(19,25): warning C4305:         ]
C:\Users\Korisnik.DESKTOP-JVOQTMK\Documents\GitHub\Image-Convolution-in-Cpp\ARproject2\ARproject2\kernel.cpp(20,9): warning C4305: 'initializing': truncation from 'double' to '_Ty'
C:\Users\Korisnik.DESKTOP-JVOQTMK\Documents\GitHub\Image-Convolution-in-Cpp\ARproject2\ARproject2\kernel.cpp(20,9): warning C4305:         with
C:\Users\Korisnik.DESKTOP-JVOQTMK\Documents\GitHub\Image-Convolution-in-Cpp\ARproject2\ARproject2\kernel.cpp(20,9): warning C4305:         [
C:\Users\Korisnik.DESKTOP-JVOQTMK\Documents\GitHub\Image-Convolution-in-Cpp\ARproject2\ARproject2\kernel.cpp(20,9): warning C4305:             _Ty=float
C:\Users\Korisnik.DESKTOP-JVOQTMK\Documents\GitHub\Image-Convolution-in-Cpp\ARproject2\ARproject2\kernel.cpp(20,9): warning C4305:         ]
C:\Users\Korisnik.DESKTOP-JVOQTMK\Documents\GitHub\Image-Convolution-in-Cpp\ARproject2\ARproject2\kernel.cpp(20,17): warning C4305: 'initializing': truncation from 'double' to '_Ty'
C:\Users\Korisnik.DESKTOP-JVOQTMK\Documents\GitHub\Image-Convolution-in-Cpp\ARproject2\ARproject2\kernel.cpp(20,17): warning C4305:         with
C:\Users\Korisnik.DESKTOP-JVOQTMK\Documents\GitHub\Image-Convolution-in-Cpp\ARproject2\ARproject2\kernel.cpp(20,17): warning C4305:         [
C:\Users\Korisnik.DESKTOP-JVOQTMK\Documents\GitHub\Image-Convolution-in-Cpp\ARproject2\ARproject2\kernel.cpp(20,17): warning C4305:             _Ty=float
C:\Users\Korisnik.DESKTOP-JVOQTMK\Documents\GitHub\Image-Convolution-in-Cpp\ARproject2\ARproject2\kernel.cpp(20,17): warning C4305:         ]
C:\Users\Korisnik.DESKTOP-JVOQTMK\Documents\GitHub\Image-Convolution-in-Cpp\ARproject2\ARproject2\kernel.cpp(20,25): warning C4305: 'initializing': truncation from 'double' to '_Ty'
C:\Users\Korisnik.DESKTOP-JVOQTMK\Documents\GitHub\Image-Convolution-in-Cpp\ARproject2\ARproject2\kernel.cpp(20,25): warning C4305:         with
C:\Users\Korisnik.DESKTOP-JVOQTMK\Documents\GitHub\Image-Convolution-in-Cpp\ARproject2\ARproject2\kernel.cpp(20,25): warning C4305:         [
C:\Users\Korisnik.DESKTOP-JVOQTMK\Documents\GitHub\Image-Convolution-in-Cpp\ARproject2\ARproject2\kernel.cpp(20,25): warning C4305:             _Ty=float
C:\Users\Korisnik.DESKTOP-JVOQTMK\Documents\GitHub\Image-Convolution-in-Cpp\ARproject2\ARproject2\kernel.cpp(20,25): warning C4305:         ]
C:\Users\Korisnik.DESKTOP-JVOQTMK\Documents\GitHub\Image-Convolution-in-Cpp\ARproject2\ARproject2\kernel.cpp(36,36): warning C4244: 'argument': conversion from 'double' to '_Ty', possible loss of data
C:\Users\Korisnik.DESKTOP-JVOQTMK\Documents\GitHub\Image-Convolution-in-Cpp\ARproject2\ARproject2\kernel.cpp(36,36): warning C4244:         with
C:\Users\Korisnik.DESKTOP-JVOQTMK\Documents\GitHub\Image-Convolution-in-Cpp\ARproject2\ARproject2\kernel.cpp(36,36): warning C4244:         [
C:\Users\Korisnik.DESKTOP-JVOQTMK\Documents\GitHub\Image-Convolution-in-Cpp\ARproject2\ARproject2\kernel.cpp(36,36): warning C4244:             _Ty=float
C:\Users\Korisnik.DESKTOP-JVOQTMK\Documents\GitHub\Image-Convolution-in-Cpp\ARproject2\ARproject2\kernel.cpp(36,36): warning C4244:         ]
  main.cpp
C:\Users\Korisnik.DESKTOP-JVOQTMK\Documents\GitHub\Image-Convolution-in-Cpp\ARproject2\ARproject2\convolution_tester.h(11,10): error C1083: Cannot open include file: 'opencv2/opencv.hpp': No such file or directory
  (compiling source file 'main.cpp')
  
  Generating Code...
